// Jest Snapshot v1, https://goo.gl/fbAQLP

exports[`Test App Entry point should have a header tag with Welcome to React Boilerplate App 1`] = `ShallowWrapper {}`;
